Function: main

Control Flow Graph:
{
  "0": [
    1
  ],
  "1": [
    2,
    3
  ],
  "2": [
    4
  ],
  "3": [
    4
  ],
  "4": [
    5
  ],
  "5": []
}

Dominators:
{
  "0": [
    0
  ],
  "1": [
    0,
    1
  ],
  "2": [
    0,
    1,
    2
  ],
  "3": [
    0,
    1,
    3
  ],
  "4": [
    0,
    1,
    4
  ],
  "5": [
    0,
    1,
    4,
    5
  ]
}

Immediate Dominators (Dominator Tree):
{
  "0": null,
  "1": 0,
  "2": 1,
  "3": 1,
  "4": 1,
  "5": 4
}

Dominance Frontier:
{
  "2": [
    4
  ],
  "3": [
    4
  ]
}

Dominance Test Result:
True
